2025-11-14 21:30:25,347 [INFO] 🎬 Запуск головного контролера перекладу
2025-11-14 21:30:25,347 [INFO] 🚀 Запуск 0_create_default_config.py...
2025-11-14 21:30:25,393 [INFO] ✅ 0_create_default_config.py успішно виконано
2025-11-14 21:30:25,396 [INFO] 🚀 Запуск 1_folder_loader.py...
2025-11-14 21:30:25,432 [INFO] ✅ 1_folder_loader.py успішно виконано
2025-11-14 21:30:25,432 [INFO] 🚀 Запуск 2_launch_gemini.py...
2025-11-14 21:30:25,884 [INFO] ✅ 2_launch_gemini.py успішно виконано
2025-11-14 21:30:28,891 [INFO] 📁 Знайдено 3 файлів для обробки
2025-11-14 21:30:28,891 [INFO] 📄 Обробка файлу: 000 RED PROPHET The Tales of Alvin Maker, Volume 2.txt
2025-11-14 21:30:28,892 [INFO] 🚀 Запуск 3_open_temp_chat.py...
2025-11-14 21:30:35,586 [INFO] ✅ 3_open_temp_chat.py успішно виконано
2025-11-14 21:30:37,600 [INFO] 📤 Відправка тексту (1211 символів)...
2025-11-14 21:30:37,600 [INFO] ⏳ Очікування відповіді (18 сек)...
2025-11-14 21:30:55,629 [INFO] 📥 Відповідь отримана
2025-11-14 21:30:55,629 [INFO] 💾 Відповідь збережено: d:\Python\TEXT\translation\KOD_pereclad\0\output\000 RED PROPHET The Tales of Alvin Maker, Volume 2_UKR.txt
2025-11-14 21:30:55,629 [INFO] ✅ Файл 000 RED PROPHET The Tales of Alvin Maker, Volume 2.txt успішно оброблено
2025-11-14 21:31:00,644 [INFO] 📄 Обробка файлу: 001 Chapter 1 -- Hooch.txt
2025-11-14 21:31:00,644 [INFO] 🚀 Запуск 3_open_temp_chat.py...
2025-11-14 21:31:07,455 [INFO] ✅ 3_open_temp_chat.py успішно виконано
2025-11-14 21:31:09,457 [INFO] 📤 Відправка тексту (10541 символів)...
2025-11-14 21:31:09,457 [INFO] ⏳ Очікування відповіді (18 сек)...
2025-11-14 21:31:27,459 [INFO] 📥 Відповідь отримана
2025-11-14 21:31:27,460 [INFO] 💾 Відповідь збережено: d:\Python\TEXT\translation\KOD_pereclad\0\output\001 Chapter 1 -- Hooch_UKR.txt
2025-11-14 21:31:27,460 [INFO] ✅ Файл 001 Chapter 1 -- Hooch.txt успішно оброблено
2025-11-14 21:31:32,469 [INFO] 📄 Обробка файлу: 002 Chapter 1 -- Hooch.txt
2025-11-14 21:31:32,469 [INFO] 🚀 Запуск 3_open_temp_chat.py...
2025-11-14 21:31:39,536 [INFO] ✅ 3_open_temp_chat.py успішно виконано
2025-11-14 21:31:41,537 [INFO] 📤 Відправка тексту (10417 символів)...
2025-11-14 21:31:41,537 [INFO] ⏳ Очікування відповіді (18 сек)...
2025-11-14 21:31:59,553 [INFO] 📥 Відповідь отримана
2025-11-14 21:31:59,554 [INFO] 💾 Відповідь збережено: d:\Python\TEXT\translation\KOD_pereclad\0\output\002 Chapter 1 -- Hooch_UKR.txt
2025-11-14 21:31:59,554 [INFO] ✅ Файл 002 Chapter 1 -- Hooch.txt успішно оброблено
2025-11-14 21:32:04,581 [INFO] 📊 Обробка завершена: 3/3 файлів успішно
2025-11-14 21:32:04,581 [INFO] 🎉 Всі файли успішно оброблено!
2025-11-14 21:53:19,468 [INFO] 🎬 Запуск головного контролера перекладу
2025-11-14 21:53:19,468 [INFO] 🚀 Запуск 0_create_default_config.py...
2025-11-14 21:53:19,504 [INFO] ✅ 0_create_default_config.py успішно виконано
2025-11-14 21:53:19,504 [INFO] 🚀 Запуск 1_folder_loader.py...
2025-11-14 21:53:19,550 [INFO] ✅ 1_folder_loader.py успішно виконано
2025-11-14 21:53:19,550 [INFO] 🚀 Запуск 2_launch_gemini.py...
2025-11-14 21:53:19,992 [INFO] ✅ 2_launch_gemini.py успішно виконано
2025-11-14 21:53:22,992 [INFO] 📁 Знайдено 3 файлів для обробки
2025-11-14 21:53:22,992 [INFO] 📄 Обробка файлу: 000 RED PROPHET The Tales of Alvin Maker, Volume 2.txt
2025-11-14 21:53:22,993 [INFO] 🚀 Запуск 3_open_temp_chat.py...
2025-11-14 21:53:29,928 [INFO] ✅ 3_open_temp_chat.py успішно виконано
2025-11-14 21:53:31,941 [INFO] 📤 Відправка тексту (1211 символів)...
2025-11-14 21:53:31,941 [INFO] ⏳ Очікування відповіді (18 сек)...
2025-11-14 21:53:49,957 [INFO] 📥 Відповідь отримана
2025-11-14 21:53:49,958 [INFO] 💾 Відповідь збережено: d:\Python\TEXT\translation\KOD_pereclad\0\output\000 RED PROPHET The Tales of Alvin Maker, Volume 2_UKR.txt
2025-11-14 21:53:49,958 [INFO] ✅ Файл 000 RED PROPHET The Tales of Alvin Maker, Volume 2.txt успішно оброблено
2025-11-14 21:53:54,973 [INFO] 📄 Обробка файлу: 001 Chapter 1 -- Hooch.txt
2025-11-14 21:53:54,973 [INFO] 🚀 Запуск 3_open_temp_chat.py...
2025-11-14 21:54:02,002 [INFO] ✅ 3_open_temp_chat.py успішно виконано
2025-11-14 21:54:04,004 [INFO] 📤 Відправка тексту (10541 символів)...
2025-11-14 21:54:04,004 [INFO] ⏳ Очікування відповіді (18 сек)...
2025-11-14 21:54:22,006 [INFO] 📥 Відповідь отримана
2025-11-14 21:54:22,006 [INFO] 💾 Відповідь збережено: d:\Python\TEXT\translation\KOD_pereclad\0\output\001 Chapter 1 -- Hooch_UKR.txt
2025-11-14 21:54:22,006 [INFO] ✅ Файл 001 Chapter 1 -- Hooch.txt успішно оброблено
2025-11-14 21:54:27,020 [INFO] 📄 Обробка файлу: 002 Chapter 1 -- Hooch.txt
2025-11-14 21:54:27,020 [INFO] 🚀 Запуск 3_open_temp_chat.py...
2025-11-14 21:54:33,771 [INFO] ✅ 3_open_temp_chat.py успішно виконано
2025-11-14 21:54:35,784 [INFO] 📤 Відправка тексту (10417 символів)...
2025-11-14 21:54:35,784 [INFO] ⏳ Очікування відповіді (18 сек)...
2025-11-14 21:54:53,792 [INFO] 📥 Відповідь отримана
2025-11-14 21:54:53,793 [INFO] 💾 Відповідь збережено: d:\Python\TEXT\translation\KOD_pereclad\0\output\002 Chapter 1 -- Hooch_UKR.txt
2025-11-14 21:54:53,793 [INFO] ✅ Файл 002 Chapter 1 -- Hooch.txt успішно оброблено
2025-11-14 21:54:58,801 [INFO] 📊 Обробка завершена: 3/3 файлів успішно
2025-11-14 21:54:58,801 [INFO] 🎉 Всі файли успішно оброблено!
2025-11-14 22:08:52,549 [INFO] 🎬 Запуск головного контролера перекладу
2025-11-14 22:08:52,549 [INFO] 🚀 Запуск 0_create_default_config.py ...
2025-11-14 22:08:52,596 [WARNING] ⚠️ 0_create_default_config.py завершився з кодом 1
2025-11-14 22:08:52,596 [ERROR] ❌ Не вдалося створити/перевірити конфіг
2025-11-14 22:23:11,144 [INFO] 🎬 Запуск головного контролера перекладу
2025-11-14 22:23:11,144 [INFO] 🚀 Запуск 0_create_default_config.py ...
2025-11-14 22:23:11,198 [WARNING] ⚠️ 0_create_default_config.py завершився з кодом 1
2025-11-14 22:23:11,198 [ERROR] ❌ Не вдалося створити/перевірити конфіг
